Archive member included because of file (symbol)

/Users/peterbruce/gcc-arm-none-eabi-4_9-2015q3/bin/../lib/gcc/arm-none-eabi/4.9.3/../../../../arm-none-eabi/lib/armv7e-m/libg_nano.a(lib_a-errno.o)
                              ./system/src/newlib/_sbrk.o (__errno)
/Users/peterbruce/gcc-arm-none-eabi-4_9-2015q3/bin/../lib/gcc/arm-none-eabi/4.9.3/../../../../arm-none-eabi/lib/armv7e-m/libg_nano.a(lib_a-impure.o)
                              /Users/peterbruce/gcc-arm-none-eabi-4_9-2015q3/bin/../lib/gcc/arm-none-eabi/4.9.3/../../../../arm-none-eabi/lib/armv7e-m/libg_nano.a(lib_a-errno.o) (_impure_ptr)
/Users/peterbruce/gcc-arm-none-eabi-4_9-2015q3/bin/../lib/gcc/arm-none-eabi/4.9.3/../../../../arm-none-eabi/lib/armv7e-m/libg_nano.a(lib_a-memcpy.o)
                              ./src/FreeRTOS/queue.o (memcpy)
/Users/peterbruce/gcc-arm-none-eabi-4_9-2015q3/bin/../lib/gcc/arm-none-eabi/4.9.3/../../../../arm-none-eabi/lib/armv7e-m/libg_nano.a(lib_a-memset.o)
                              ./src/FreeRTOS/tasks.o (memset)
/Users/peterbruce/gcc-arm-none-eabi-4_9-2015q3/bin/../lib/gcc/arm-none-eabi/4.9.3/../../../../arm-none-eabi/lib/armv7e-m/libg_nano.a(lib_a-strncpy.o)
                              ./src/FreeRTOS/tasks.o (strncpy)
/Users/peterbruce/gcc-arm-none-eabi-4_9-2015q3/bin/../lib/gcc/arm-none-eabi/4.9.3/../../../../arm-none-eabi/lib/armv7e-m/libg_nano.a(lib_a-strstr.o)
                              ./src/main.o (strstr)

Allocating common symbols
Common symbol       size              file

errno               0x4               ./system/src/newlib/_syscalls.o
_rn4020             0x84              ./src/main.o

Discarded input sections

 .group         0x0000000000000000        0x8 ./system/src/stm32f3-stdperiph/stm32f30x_gpio.o
 .group         0x0000000000000000        0x8 ./system/src/stm32f3-stdperiph/stm32f30x_gpio.o
 .group         0x0000000000000000        0x8 ./system/src/stm32f3-stdperiph/stm32f30x_gpio.o
 .group         0x0000000000000000        0x8 ./system/src/stm32f3-stdperiph/stm32f30x_gpio.o
 .group         0x0000000000000000        0x8 ./system/src/stm32f3-stdperiph/stm32f30x_gpio.o
 .group         0x0000000000000000        0x8 ./system/src/stm32f3-stdperiph/stm32f30x_gpio.o
 .group         0x0000000000000000        0x8 ./system/src/stm32f3-stdperiph/stm32f30x_gpio.o
 .group         0x0000000000000000        0x8 ./system/src/stm32f3-stdperiph/stm32f30x_gpio.o
 .group         0x0000000000000000        0x8 ./system/src/stm32f3-stdperiph/stm32f30x_gpio.o
 .group         0x0000000000000000        0x8 ./system/src/stm32f3-stdperiph/stm32f30x_gpio.o
 .group         0x0000000000000000        0x8 ./system/src/stm32f3-stdperiph/stm32f30x_gpio.o
 .group         0x0000000000000000        0x8 ./system/src/stm32f3-stdperiph/stm32f30x_gpio.o
 .group         0x0000000000000000        0x8 ./system/src/stm32f3-stdperiph/stm32f30x_gpio.o
 .group         0x0000000000000000        0x8 ./system/src/stm32f3-stdperiph/stm32f30x_gpio.o
 .group         0x0000000000000000        0x8 ./system/src/stm32f3-stdperiph/stm32f30x_gpio.o
 .group         0x0000000000000000        0x8 ./system/src/stm32f3-stdperiph/stm32f30x_gpio.o
 .group         0x0000000000000000        0x8 ./system/src/stm32f3-stdperiph/stm32f30x_gpio.o
 .group         0x0000000000000000        0x8 ./system/src/stm32f3-stdperiph/stm32f30x_gpio.o
 .group         0x0000000000000000        0x8 ./system/src/stm32f3-stdperiph/stm32f30x_gpio.o
 .group         0x0000000000000000        0x8 ./system/src/stm32f3-stdperiph/stm32f30x_gpio.o
 .group         0x0000000000000000        0x8 ./system/src/stm32f3-stdperiph/stm32f30x_gpio.o
 .group         0x0000000000000000        0x8 ./system/src/stm32f3-stdperiph/stm32f30x_gpio.o
 .group         0x0000000000000000        0x8 ./system/src/stm32f3-stdperiph/stm32f30x_gpio.o
 .group         0x0000000000000000        0x8 ./system/src/stm32f3-stdperiph/stm32f30x_gpio.o
 .group         0x0000000000000000        0x8 ./system/src/stm32f3-stdperiph/stm32f30x_gpio.o
 .group         0x0000000000000000        0x8 ./system/src/stm32f3-stdperiph/stm32f30x_gpio.o
 .group         0x0000000000000000        0x8 ./system/src/stm32f3-stdperiph/stm32f30x_gpio.o
 .group         0x0000000000000000        0x8 ./system/src/stm32f3-stdperiph/stm32f30x_gpio.o
 .group         0x0000000000000000        0x8 ./system/src/stm32f3-stdperiph/stm32f30x_gpio.o
 .group         0x0000000000000000        0x8 ./system/src/stm32f3-stdperiph/stm32f30x_gpio.o
 .text          0x0000000000000000        0x0 ./system/src/stm32f3-stdperiph/stm32f30x_gpio.o
 .data          0x0000000000000000        0x0 ./system/src/stm32f3-stdperiph/stm32f30x_gpio.o
 .bss           0x0000000000000000        0x0 ./system/src/stm32f3-stdperiph/stm32f30x_gpio.o
 .text.GPIO_DeInit
                0x0000000000000000       0xc0 ./system/src/stm32f3-stdperiph/stm32f30x_gpio.o
 .text.GPIO_StructInit
                0x0000000000000000       0x14 ./system/src/stm32f3-stdperiph/stm32f30x_gpio.o
[...]
Memory Configuration

Name             Origin             Length             Attributes
RAM              0x0000000020000000 0x0000000000004000 xrw
CCMRAM           0x0000000010000000 0x0000000000000000 xrw
FLASH            0x0000000008000000 0x0000000000010000 xr
FLASHB1          0x0000000000000000 0x0000000000000000 xr
EXTMEMB0         0x0000000000000000 0x0000000000000000 xr
EXTMEMB1         0x0000000000000000 0x0000000000000000 xr
EXTMEMB2         0x0000000000000000 0x0000000000000000 xr
EXTMEMB3         0x0000000000000000 0x0000000000000000 xr
MEMORY_ARRAY     0x0000000020002000 0x0000000000000000 xrw
*default*        0x0000000000000000 0xffffffffffffffff

Linker script and memory map

LOAD ./system/src/stm32f3-stdperiph/stm32f30x_gpio.o
LOAD ./system/src/stm32f3-stdperiph/stm32f30x_misc.o
LOAD ./system/src/stm32f3-stdperiph/stm32f30x_rcc.o
LOAD ./system/src/stm32f3-stdperiph/stm32f30x_usart.o
LOAD ./system/src/newlib/_cxx.o
LOAD ./system/src/newlib/_exit.o
LOAD ./system/src/newlib/_sbrk.o
LOAD ./system/src/newlib/_startup.o
LOAD ./system/src/newlib/_syscalls.o
LOAD ./system/src/newlib/assert.o
LOAD ./system/src/diag/Trace.o
LOAD ./system/src/diag/trace_impl.o
LOAD ./system/src/cortexm/_initialize_hardware.o
LOAD ./system/src/cortexm/_reset_hardware.o
LOAD ./system/src/cortexm/exception_handlers.o
LOAD ./system/src/cmsis/system_stm32f30x.o
LOAD ./system/src/cmsis/vectors_stm32f30x.o
LOAD ./src/FreeRTOS/common.o
LOAD ./src/FreeRTOS/croutine.o
LOAD ./src/FreeRTOS/heap_2.o
LOAD ./src/FreeRTOS/list.o
LOAD ./src/FreeRTOS/port.o
LOAD ./src/FreeRTOS/queue.o
LOAD ./src/FreeRTOS/tasks.o
LOAD ./src/_write.o
LOAD ./src/main.o
LOAD ./src/rn4020.o
LOAD /Users/peterbruce/gcc-arm-none-eabi-4_9-2015q3/bin/../lib/gcc/arm-none-eabi/4.9.3/../../../../arm-none-eabi/lib/armv7e-m/libstdc++_nano.a
LOAD /Users/peterbruce/gcc-arm-none-eabi-4_9-2015q3/bin/../lib/gcc/arm-none-eabi/4.9.3/../../../../arm-none-eabi/lib/armv7e-m/libm.a
START GROUP
LOAD /Users/peterbruce/gcc-arm-none-eabi-4_9-2015q3/bin/../lib/gcc/arm-none-eabi/4.9.3/armv7e-m/libgcc.a
LOAD /Users/peterbruce/gcc-arm-none-eabi-4_9-2015q3/bin/../lib/gcc/arm-none-eabi/4.9.3/../../../../arm-none-eabi/lib/armv7e-m/libg_nano.a
LOAD /Users/peterbruce/gcc-arm-none-eabi-4_9-2015q3/bin/../lib/gcc/arm-none-eabi/4.9.3/../../../../arm-none-eabi/lib/armv7e-m/libc_nano.a
END GROUP
START GROUP
LOAD /Users/peterbruce/gcc-arm-none-eabi-4_9-2015q3/bin/../lib/gcc/arm-none-eabi/4.9.3/armv7e-m/libgcc.a
LOAD /Users/peterbruce/gcc-arm-none-eabi-4_9-2015q3/bin/../lib/gcc/arm-none-eabi/4.9.3/../../../../arm-none-eabi/lib/armv7e-m/libc_nano.a
END GROUP
                0x0000000020004000                __stack = (ORIGIN (RAM) + 0x4000)
                0x0000000020004000                _estack = __stack
                0x0000000000000400                __Main_Stack_Size = 0x400
                0x0000000000000400                PROVIDE (_Main_Stack_Size, __Main_Stack_Size)
                0x0000000020003c00                __Main_Stack_Limit = (__stack - __Main_Stack_Size)
                0x0000000020003c00                PROVIDE (_Main_Stack_Limit, __Main_Stack_Limit)
                0x0000000000000100                _Minimum_Stack_Size = 0x100
                0x0000000020002a68                PROVIDE (_Heap_Begin, _end_noinit)
                0x0000000020003c00                PROVIDE (_Heap_Limit, (__stack - __Main_Stack_Size))

.isr_vector     0x0000000008000000      0x330
 FILL mask 0xff
                0x0000000008000000                __vectors_start = ABSOLUTE (.)
                0x0000000008000000                __vectors_start__ = ABSOLUTE (.)
 *(.isr_vector)
 .isr_vector    0x0000000008000000      0x188 ./system/src/cmsis/vectors_stm32f30x.o
                0x0000000008000000                __isr_vectors
 *(.cfmconfig)
 *(.after_vectors .after_vectors.*)
 .after_vectors
                0x0000000008000188      0x130 ./system/src/newlib/_startup.o
                0x0000000008000188                _start
 .after_vectors
                0x00000000080002b8       0x74 ./system/src/cortexm/exception_handlers.o
                0x00000000080002b8                Reset_Handler
                0x00000000080002c0                NMI_Handler
                0x00000000080002c4                HardFault_Handler
                0x00000000080002d8                HardFault_Handler_C
                0x00000000080002dc                MemManage_Handler
                0x00000000080002e0                BusFault_Handler
                0x00000000080002f4                BusFault_Handler_C
                0x00000000080002f8                UsageFault_Handler
                0x000000000800030c                UsageFault_Handler_C
                0x0000000008000314                DebugMon_Handler
 .after_vectors
                0x000000000800032c        0x4 ./system/src/cmsis/vectors_stm32f30x.o
                0x000000000800032c                TIM1_BRK_TIM15_IRQHandler
                0x000000000800032c                TIM8_TRG_COM_IRQHandler
                0x000000000800032c                TIM8_CC_IRQHandler
                0x000000000800032c                TIM1_CC_IRQHandler
                0x000000000800032c                USB_HP_IRQHandler
                0x000000000800032c                PVD_IRQHandler
                0x000000000800032c                EXTI3_IRQHandler
                0x000000000800032c                EXTI0_IRQHandler
                0x000000000800032c                I2C2_EV_IRQHandler
                0x000000000800032c                FPU_IRQHandler
                0x000000000800032c                EXTI2_TS_IRQHandler
                0x000000000800032c                TIM1_UP_TIM16_IRQHandler
                0x000000000800032c                ADC1_2_IRQHandler
                0x000000000800032c                SPI1_IRQHandler
                0x000000000800032c                TIM6_DAC_IRQHandler
                0x000000000800032c                TIM8_UP_IRQHandler
                0x000000000800032c                DMA2_Channel2_IRQHandler
                0x000000000800032c                DMA1_Channel4_IRQHandler
                0x000000000800032c                USART3_IRQHandler
                0x000000000800032c                DMA1_Channel7_IRQHandler
                0x000000000800032c                CAN1_RX1_IRQHandler
                0x000000000800032c                UART5_IRQHandler
                0x000000000800032c                ADC3_IRQHandler
                0x000000000800032c                TIM4_IRQHandler
                0x000000000800032c                DMA2_Channel1_IRQHandler
                0x000000000800032c                I2C1_EV_IRQHandler
                0x000000000800032c                DMA1_Channel6_IRQHandler
                0x000000000800032c                UART4_IRQHandler
                0x000000000800032c                DMA2_Channel4_IRQHandler
                0x000000000800032c                TIM3_IRQHandler
                0x000000000800032c                RCC_IRQHandler
                0x000000000800032c                DMA1_Channel1_IRQHandler
                0x000000000800032c                Default_Handler
                0x000000000800032c                USBWakeUp_RMP_IRQHandler
                0x000000000800032c                EXTI15_10_IRQHandler
                0x000000000800032c                TIM7_IRQHandler
                0x000000000800032c                EXTI9_5_IRQHandler
                0x000000000800032c                TAMPER_STAMP_IRQHandler
                0x000000000800032c                RTC_WKUP_IRQHandler
                0x000000000800032c                SPI2_IRQHandler
                0x000000000800032c                DMA2_Channel5_IRQHandler
                0x000000000800032c                DMA1_Channel5_IRQHandler
                0x000000000800032c                USB_LP_IRQHandler
                0x000000000800032c                EXTI4_IRQHandler
                0x000000000800032c                USB_LP_CAN1_RX0_IRQHandler
                0x000000000800032c                TIM1_TRG_COM_TIM17_IRQHandler
                0x000000000800032c                USB_HP_CAN1_TX_IRQHandler
                0x000000000800032c                DMA1_Channel3_IRQHandler
                0x000000000800032c                ADC4_IRQHandler
                0x000000000800032c                WWDG_IRQHandler
                0x000000000800032c                TIM2_IRQHandler
                0x000000000800032c                COMP7_IRQHandler
                0x000000000800032c                COMP1_2_3_IRQHandler
                0x000000000800032c                EXTI1_IRQHandler
                0x000000000800032c                COMP4_5_6_IRQHandler
                0x000000000800032c                I2C2_ER_IRQHandler
                0x000000000800032c                DMA1_Channel2_IRQHandler
                0x000000000800032c                TIM8_BRK_IRQHandler
                0x000000000800032c                CAN1_SCE_IRQHandler
                0x000000000800032c                FLASH_IRQHandler
                0x000000000800032c                USART1_IRQHandler
                0x000000000800032c                SPI3_IRQHandler
                0x000000000800032c                I2C1_ER_IRQHandler
                0x000000000800032c                USBWakeUp_IRQHandler
                0x000000000800032c                DMA2_Channel3_IRQHandler
                0x000000000800032c                RTC_Alarm_IRQHandler

.inits          0x0000000008000330       0x28
                0x0000000008000330                __data_regions_array_start = .
                0x0000000008000330        0x4 LONG 0x800162c LOADADDR (.data)
                0x0000000008000334        0x4 LONG 0x20000000 ADDR (.data)
                0x0000000008000338        0x4 LONG 0x20000054 (ADDR (.data) + SIZEOF (.data))
                0x000000000800033c        0x4 LONG 0x800162c LOADADDR (.data_CCMRAM)
                0x0000000008000340        0x4 LONG 0x10000000 ADDR (.data_CCMRAM)
                0x0000000008000344        0x4 LONG 0x10000000 (ADDR (.data_CCMRAM) + SIZEOF (.data_CCMRAM))
                0x0000000008000348                __data_regions_array_end = .
                0x0000000008000348                __bss_regions_array_start = .
                0x0000000008000348        0x4 LONG 0x20000058 ADDR (.bss)
                0x000000000800034c        0x4 LONG 0x20002a68 (ADDR (.bss) + SIZEOF (.bss))
                0x0000000008000350        0x4 LONG 0x10000000 ADDR (.bss_CCMRAM)
                0x0000000008000354        0x4 LONG 0x10000000 (ADDR (.bss_CCMRAM) + SIZEOF (.bss_CCMRAM))
                0x0000000008000358                __bss_regions_array_end = .
 *(.init)
 *(.fini)
                0x0000000008000358                . = ALIGN (0x4)
                0x0000000008000358                PROVIDE (__preinit_array_start, .)
 *(.preinit_array_sysinit .preinit_array_sysinit.*)
 *(.preinit_array_platform .preinit_array_platform.*)
 *(.preinit_array .preinit_array.*)
                0x0000000008000358                PROVIDE (__preinit_array_end, .)
                0x0000000008000358                . = ALIGN (0x4)
                0x0000000008000358                PROVIDE (__init_array_start, .)
 *(SORT(.init_array.*))
 *(.init_array)
                0x0000000008000358                PROVIDE (__init_array_end, .)
                0x0000000008000358                . = ALIGN (0x4)
                0x0000000008000358                PROVIDE (__fini_array_start, .)
 *(SORT(.fini_array.*))
 *(.fini_array)
                0x0000000008000358                PROVIDE (__fini_array_end, .)

.flashtext
 *(.flashtext .flashtext.*)

.text           0x0000000008000358     0x12d4
 *(.text .text.*)
 .text.GPIO_Init
                0x0000000008000358       0x8c ./system/src/stm32f3-stdperiph/stm32f30x_gpio.o
                0x0000000008000358                GPIO_Init
 .text.GPIO_SetBits
                0x00000000080003e4        0x4 ./system/src/stm32f3-stdperiph/stm32f30x_gpio.o
                0x00000000080003e4                GPIO_SetBits
 .text.GPIO_ResetBits
                0x00000000080003e8        0x4 ./system/src/stm32f3-stdperiph/stm32f30x_gpio.o
                0x00000000080003e8                GPIO_ResetBits
 .text.GPIO_PinAFConfig
                0x00000000080003ec       0x30 ./system/src/stm32f3-stdperiph/stm32f30x_gpio.o
                0x00000000080003ec                GPIO_PinAFConfig
 .text.NVIC_Init
                0x000000000800041c       0x70 ./system/src/stm32f3-stdperiph/stm32f30x_misc.o
                0x000000000800041c                NVIC_Init
 .text.RCC_GetClocksFreq
                0x000000000800048c      0x2c4 ./system/src/stm32f3-stdperiph/stm32f30x_rcc.o
                0x000000000800048c                RCC_GetClocksFreq
 .text.RCC_AHBPeriphClockCmd
                0x0000000008000750       0x1c ./system/src/stm32f3-stdperiph/stm32f30x_rcc.o
                0x0000000008000750                RCC_AHBPeriphClockCmd
 .text.RCC_APB1PeriphClockCmd
                0x000000000800076c       0x1c ./system/src/stm32f3-stdperiph/stm32f30x_rcc.o
                0x000000000800076c                RCC_APB1PeriphClockCmd
 .text.USART_Init
                0x0000000008000788       0xc8 ./system/src/stm32f3-stdperiph/stm32f30x_usart.o
                0x0000000008000788                USART_Init
 .text.USART_Cmd
                0x0000000008000850       0x18 ./system/src/stm32f3-stdperiph/stm32f30x_usart.o
                0x0000000008000850                USART_Cmd
 .text.USART_SendData
                0x0000000008000868        0x8 ./system/src/stm32f3-stdperiph/stm32f30x_usart.o
                0x0000000008000868                USART_SendData
 .text.USART_ReceiveData
                0x0000000008000870        0x8 ./system/src/stm32f3-stdperiph/stm32f30x_usart.o
                0x0000000008000870                USART_ReceiveData
 .text.USART_ITConfig
                0x0000000008000878       0x34 ./system/src/stm32f3-stdperiph/stm32f30x_usart.o
                0x0000000008000878                USART_ITConfig
 .text.USART_GetFlagStatus
                0x00000000080008ac       0x10 ./system/src/stm32f3-stdperiph/stm32f30x_usart.o
                0x00000000080008ac                USART_GetFlagStatus
 .text.USART_GetITStatus
                0x00000000080008bc       0x44 ./system/src/stm32f3-stdperiph/stm32f30x_usart.o
                0x00000000080008bc                USART_GetITStatus
 .text._exit    0x0000000008000900        0x4 ./system/src/newlib/_exit.o
                0x0000000008000900                _exit
 .text.__initialize_args
                0x0000000008000904       0x10 ./system/src/newlib/_syscalls.o
                0x0000000008000904                __initialize_args
 .text.__initialize_hardware_early
                0x0000000008000914       0x18 ./system/src/cortexm/_initialize_hardware.o
                0x0000000008000914                __initialize_hardware_early
 .text.__initialize_hardware
                0x000000000800092c        0x8 ./system/src/cortexm/_initialize_hardware.o
                0x000000000800092c                __initialize_hardware
 .text.SetSysClock
                0x0000000008000934       0xb0 ./system/src/cmsis/system_stm32f30x.o
 .text.SystemInit
                0x00000000080009e4       0x64 ./system/src/cmsis/system_stm32f30x.o
                0x00000000080009e4                SystemInit
 .text.SystemCoreClockUpdate
                0x0000000008000a48       0x8c ./system/src/cmsis/system_stm32f30x.o
                0x0000000008000a48                SystemCoreClockUpdate
 .text.pvPortMalloc
                0x0000000008000ad4       0xbc ./src/FreeRTOS/heap_2.o
                0x0000000008000ad4                pvPortMalloc
 .text.vPortFree
                0x0000000008000b90       0x44 ./src/FreeRTOS/heap_2.o
                0x0000000008000b90                vPortFree
 .text.vListInitialise
                0x0000000008000bd4       0x18 ./src/FreeRTOS/list.o
                0x0000000008000bd4                vListInitialise
 .text.vListInitialiseItem
                0x0000000008000bec        0x8 ./src/FreeRTOS/list.o
                0x0000000008000bec                vListInitialiseItem
 .text.vListInsertEnd
                0x0000000008000bf4       0x1c ./src/FreeRTOS/list.o
                0x0000000008000bf4                vListInsertEnd
 .text.vListInsert
                0x0000000008000c10       0x38 ./src/FreeRTOS/list.o
                0x0000000008000c10                vListInsert
 .text.vListRemove
                0x0000000008000c48       0x24 ./src/FreeRTOS/list.o
                0x0000000008000c48                vListRemove
 .text.prvSetupTimerInterrupt
                0x0000000008000c6c       0x18 ./src/FreeRTOS/port.o
 .text.pxPortInitialiseStack
                0x0000000008000c84       0x1c ./src/FreeRTOS/port.o
                0x0000000008000c84                pxPortInitialiseStack
 .text.SVC_Handler
                0x0000000008000ca0       0x20 ./src/FreeRTOS/port.o
                0x0000000008000ca0                SVC_Handler
 .text.vPortStartFirstTask
                0x0000000008000cc0       0x10 ./src/FreeRTOS/port.o
                0x0000000008000cc0                vPortStartFirstTask
 .text.xPortStartScheduler
                0x0000000008000cd0       0x30 ./src/FreeRTOS/port.o
                0x0000000008000cd0                xPortStartScheduler
 .text.vPortYieldFromISR
                0x0000000008000d00       0x10 ./src/FreeRTOS/port.o
                0x0000000008000d00                vPortYieldFromISR
 .text.vPortEnterCritical
                0x0000000008000d10       0x18 ./src/FreeRTOS/port.o
                0x0000000008000d10                vPortEnterCritical
 .text.vPortExitCritical
                0x0000000008000d28       0x18 ./src/FreeRTOS/port.o
                0x0000000008000d28                vPortExitCritical
 .text.PendSV_Handler
                0x0000000008000d40       0x3c ./src/FreeRTOS/port.o
                0x0000000008000d40                PendSV_Handler
 .text.SysTick_Handler
                0x0000000008000d7c       0x24 ./src/FreeRTOS/port.o
                0x0000000008000d7c                SysTick_Handler
 .text.prvDeleteTCB
                0x0000000008000da0       0x14 ./src/FreeRTOS/tasks.o
 .text.prvAllocateTCBAndStack
                0x0000000008000db4       0x38 ./src/FreeRTOS/tasks.o
 .text.prvInitialiseTCBVariables
                0x0000000008000dec       0x38 ./src/FreeRTOS/tasks.o
 .text.prvInitialiseTaskLists
                0x0000000008000e24       0x68 ./src/FreeRTOS/tasks.o
 .text.xTaskGenericCreate
                0x0000000008000e8c       0xf8 ./src/FreeRTOS/tasks.o
                0x0000000008000e8c                xTaskGenericCreate
 .text.vTaskStartScheduler
                0x0000000008000f84       0x4c ./src/FreeRTOS/tasks.o
                0x0000000008000f84                vTaskStartScheduler
 .text.vTaskSuspendAll
                0x0000000008000fd0       0x10 ./src/FreeRTOS/tasks.o
                0x0000000008000fd0                vTaskSuspendAll
 .text.vTaskIncrementTick
                0x0000000008000fe0       0xac ./src/FreeRTOS/tasks.o
                0x0000000008000fe0                vTaskIncrementTick
 .text.xTaskResumeAll
                0x000000000800108c       0xd8 ./src/FreeRTOS/tasks.o
                0x000000000800108c                xTaskResumeAll
 .text.vTaskDelay
                0x0000000008001164       0x60 ./src/FreeRTOS/tasks.o
                0x0000000008001164                vTaskDelay
 .text.prvCheckTasksWaitingTermination
                0x00000000080011c4       0x5c ./src/FreeRTOS/tasks.o
 .text.prvIdleTask
                0x0000000008001220       0x18 ./src/FreeRTOS/tasks.o
 .text.vTaskSwitchContext
                0x0000000008001238       0x84 ./src/FreeRTOS/tasks.o
                0x0000000008001238                vTaskSwitchContext
 .text.test     0x00000000080012bc       0x64 ./src/main.o
                0x00000000080012bc                test
 .text.main     0x0000000008001320       0x78 ./src/main.o
                0x0000000008001320                main
 .text.rn4020_init
                0x0000000008001398      0x100 ./src/rn4020.o
                0x0000000008001398                rn4020_init
 .text.rn4020_write
                0x0000000008001498       0x30 ./src/rn4020.o
                0x0000000008001498                rn4020_write
 .text.rn4020_publish
                0x00000000080014c8       0x88 ./src/rn4020.o
                0x00000000080014c8                rn4020_publish
 .text.USART2_IRQHandler
                0x0000000008001550       0x30 ./src/rn4020.o
                0x0000000008001550                USART2_IRQHandler
 .text.memset   0x0000000008001580       0x10 /Users/peterbruce/gcc-arm-none-eabi-4_9-2015q3/bin/../lib/gcc/arm-none-eabi/4.9.3/../../../../arm-none-eabi/lib/armv7e-m/libg_nano.a(lib_a-memset.o)
                0x0000000008001580                memset
 .text.strncpy  0x0000000008001590       0x24 /Users/peterbruce/gcc-arm-none-eabi-4_9-2015q3/bin/../lib/gcc/arm-none-eabi/4.9.3/../../../../arm-none-eabi/lib/armv7e-m/libg_nano.a(lib_a-strncpy.o)
                0x0000000008001590                strncpy
 .text.strstr   0x00000000080015b4       0x30 /Users/peterbruce/gcc-arm-none-eabi-4_9-2015q3/bin/../lib/gcc/arm-none-eabi/4.9.3/../../../../arm-none-eabi/lib/armv7e-m/libg_nano.a(lib_a-strstr.o)
                0x00000000080015b4                strstr
 *(.rodata .rodata.* .constdata .constdata.*)
 .rodata.str1.4
                0x00000000080015e4        0x5 ./src/FreeRTOS/tasks.o
 *fill*         0x00000000080015e9        0x3 
 .rodata.str1.4
                0x00000000080015ec        0xd ./src/main.o
 *fill*         0x00000000080015f9        0x3 
 .rodata.str1.4
                0x00000000080015fc       0x30 ./src/rn4020.o
                                         0x2e (size before relaxing)
 *(vtable)
 *(.eh_frame*)
 *(.glue_7)
 .glue_7        0x0000000000000000        0x0 linker stubs
 *(.glue_7t)
 .glue_7t       0x0000000000000000        0x0 linker stubs

.vfp11_veneer   0x000000000800162c        0x0
 .vfp11_veneer  0x0000000000000000        0x0 linker stubs

.v4_bx          0x000000000800162c        0x0
 .v4_bx         0x0000000000000000        0x0 linker stubs

.iplt           0x000000000800162c        0x0
 .iplt          0x0000000000000000        0x0 ./system/src/stm32f3-stdperiph/stm32f30x_gpio.o

.rel.dyn        0x000000000800162c        0x0
 .rel.iplt      0x0000000000000000        0x0 ./system/src/stm32f3-stdperiph/stm32f30x_gpio.o

.ARM.extab
 *(.ARM.extab* .gnu.linkonce.armextab.*)
                0x000000000800162c                . = ALIGN (0x4)
                0x000000000800162c                __exidx_start = .

.ARM.exidx
 *(.ARM.exidx* .gnu.linkonce.armexidx.*)
                0x000000000800162c                __exidx_end = .
                0x000000000800162c                . = ALIGN (0x4)
                0x000000000800162c                _etext = .
                0x000000000800162c                __etext = .

.data_CCMRAM    0x0000000010000000        0x0 load address 0x000000000800162c
 FILL mask 0xff
 *(.data.CCMRAM .data.CCMRAM.*)
                0x0000000010000000                . = ALIGN (0x4)
                0x000000000800162c                _sidata = LOADADDR (.data)

.data           0x0000000020000000       0x54 load address 0x000000000800162c
 FILL mask 0xff
                0x0000000020000000                _sdata = .
                0x0000000020000000                __data_start__ = .
 *(.data_begin .data_begin.*)
 .data_begin    0x0000000020000000        0x4 ./system/src/newlib/_startup.o
 *(.data .data.*)
 .data.ADCPrescTable
                0x0000000020000004       0x1a ./system/src/stm32f3-stdperiph/stm32f30x_rcc.o
 *fill*         0x000000002000001e        0x2 
 .data.APBAHBPrescTable
                0x0000000020000020       0x10 ./system/src/stm32f3-stdperiph/stm32f30x_rcc.o
 .data.argv.4160
                0x0000000020000030        0x8 ./system/src/newlib/_syscalls.o
 .data.AHBPrescTable
                0x0000000020000038       0x10 ./system/src/cmsis/system_stm32f30x.o
                0x0000000020000038                AHBPrescTable
 .data.SystemCoreClock
                0x0000000020000048        0x4 ./system/src/cmsis/system_stm32f30x.o
                0x0000000020000048                SystemCoreClock
 .data.uxCriticalNesting
                0x000000002000004c        0x4 ./src/FreeRTOS/port.o
 *(.data_end .data_end.*)
 .data_end      0x0000000020000050        0x4 ./system/src/newlib/_startup.o
                0x0000000020000054                . = ALIGN (0x4)
                0x0000000020000054                _edata = .
                0x0000000020000054                __data_end__ = .

.igot.plt       0x0000000020000054        0x0 load address 0x0000000008001680
 .igot.plt      0x0000000000000000        0x0 ./system/src/stm32f3-stdperiph/stm32f30x_gpio.o

.bss_CCMRAM     0x0000000010000000        0x0
 *(.bss.CCMRAM .bss.CCMRAM.*)

.bss            0x0000000020000058     0x2a10
                0x0000000020000058                __bss_start__ = .
                0x0000000020000058                _sbss = .
 *(.bss_begin .bss_begin.*)
 .bss_begin     0x0000000020000058        0x4 ./system/src/newlib/_startup.o
 *(.bss .bss.*)
 .bss.name.4159
                0x000000002000005c        0x1 ./system/src/newlib/_syscalls.o
 *fill*         0x000000002000005d        0x3 
 .bss.xHeapHasBeenInitialised.4408
                0x0000000020000060        0x4 ./src/FreeRTOS/heap_2.o
 *fill*         0x0000000020000064        0x4 
 .bss.xHeap     0x0000000020000068     0x2800 ./src/FreeRTOS/heap_2.o
 .bss.xFreeBytesRemaining
                0x0000000020002868        0x4 ./src/FreeRTOS/heap_2.o
 .bss.xStart    0x000000002000286c        0x8 ./src/FreeRTOS/heap_2.o
 .bss.xEnd      0x0000000020002874        0x8 ./src/FreeRTOS/heap_2.o
 .bss.uxMissedTicks
                0x000000002000287c        0x4 ./src/FreeRTOS/tasks.o
 .bss.pxDelayedTaskList
                0x0000000020002880        0x4 ./src/FreeRTOS/tasks.o
 .bss.xSchedulerRunning
                0x0000000020002884        0x4 ./src/FreeRTOS/tasks.o
 .bss.uxTasksDeleted
                0x0000000020002888        0x4 ./src/FreeRTOS/tasks.o
 .bss.xTasksWaitingTermination
                0x000000002000288c       0x14 ./src/FreeRTOS/tasks.o
 .bss.pxReadyTasksLists
                0x00000000200028a0       0xc8 ./src/FreeRTOS/tasks.o
 .bss.uxSchedulerSuspended
                0x0000000020002968        0x4 ./src/FreeRTOS/tasks.o
 .bss.uxCurrentNumberOfTasks
                0x000000002000296c        0x4 ./src/FreeRTOS/tasks.o
 .bss.pxCurrentTCB
                0x0000000020002970        0x4 ./src/FreeRTOS/tasks.o
                0x0000000020002970                pxCurrentTCB
 .bss.xPendingReadyList
                0x0000000020002974       0x14 ./src/FreeRTOS/tasks.o
 .bss.xNumOfOverflows
                0x0000000020002988        0x4 ./src/FreeRTOS/tasks.o
 .bss.xTickCount
                0x000000002000298c        0x4 ./src/FreeRTOS/tasks.o
 .bss.pxOverflowDelayedTaskList
                0x0000000020002990        0x4 ./src/FreeRTOS/tasks.o
 .bss.uxTopReadyPriority
                0x0000000020002994        0x4 ./src/FreeRTOS/tasks.o
 .bss.uxTaskNumber
                0x0000000020002998        0x4 ./src/FreeRTOS/tasks.o
 .bss.xDelayedTaskList1
                0x000000002000299c       0x14 ./src/FreeRTOS/tasks.o
 .bss.xDelayedTaskList2
                0x00000000200029b0       0x14 ./src/FreeRTOS/tasks.o
 .bss.xMissedYield
                0x00000000200029c4        0x4 ./src/FreeRTOS/tasks.o
 .bss.xSuspendedTaskList
                0x00000000200029c8       0x14 ./src/FreeRTOS/tasks.o
 .bss.uxTopUsedPriority
                0x00000000200029dc        0x4 ./src/FreeRTOS/tasks.o
 *(COMMON)
 COMMON         0x00000000200029e0       0x84 ./src/main.o
                0x00000000200029e0                _rn4020
 *(.bss_end .bss_end.*)
 .bss_end       0x0000000020002a64        0x4 ./system/src/newlib/_startup.o
                0x0000000020002a68                . = ALIGN (0x4)
                0x0000000020002a68                __bss_end__ = .
                0x0000000020002a68                _ebss = .

.noinit_CCMRAM
 *(.noinit.CCMRAM .noinit.CCMRAM.*)

.noinit         0x0000000020002a68        0x0
                0x0000000020002a68                _noinit = .
 *(.noinit .noinit.*)
                0x0000000020002a68                . = ALIGN (0x4)
                0x0000000020002a68                _end_noinit = .
                0x0000000020002a68                PROVIDE (end, _end_noinit)
                0x0000000020002a68                PROVIDE (_end, _end_noinit)
                0x0000000020002a68                PROVIDE (__end, _end_noinit)
                0x0000000020002a68                PROVIDE (__end__, _end_noinit)

._check_stack   0x0000000020002a68      0x100
                0x0000000020002b68                . = (. + _Minimum_Stack_Size)
 *fill*         0x0000000020002a68      0x100 

.b1text
 *(.b1text)
 *(.b1rodata)
 *(.b1rodata.*)

.eb0text
 *(.eb0text)
 *(.eb0rodata)
 *(.eb0rodata.*)

.eb1text
 *(.eb1text)
 *(.eb1rodata)
 *(.eb1rodata.*)

.eb2text
 *(.eb2text)
 *(.eb2rodata)
 *(.eb2rodata.*)

.eb3text
 *(.eb3text)
 *(.eb3rodata)
 *(.eb3rodata.*)

.stab
 *(.stab)

.stabstr
 *(.stabstr)

.stab.excl
 *(.stab.excl)

.stab.exclstr
 *(.stab.exclstr)

.stab.index
 *(.stab.index)

.stab.indexstr
 *(.stab.indexstr)

.comment        0x0000000000000000       0x70
 *(.comment)
 .comment       0x0000000000000000       0x70 ./system/src/stm32f3-stdperiph/stm32f30x_gpio.o
                                         0x71 (size before relaxing)
 .comment       0x0000000000000000       0x71 ./system/src/stm32f3-stdperiph/stm32f30x_misc.o
 .comment       0x0000000000000000       0x71 ./system/src/stm32f3-stdperiph/stm32f30x_rcc.o
 .comment       0x0000000000000000       0x71 ./system/src/stm32f3-stdperiph/stm32f30x_usart.o
 .comment       0x0000000000000000       0x71 ./system/src/newlib/_exit.o
 .comment       0x0000000000000000       0x71 ./system/src/newlib/_startup.o
 .comment       0x0000000000000000       0x71 ./system/src/newlib/_syscalls.o
 .comment       0x0000000000000000       0x71 ./system/src/cortexm/_initialize_hardware.o
 .comment       0x0000000000000000       0x71 ./system/src/cortexm/exception_handlers.o
 .comment       0x0000000000000000       0x71 ./system/src/cmsis/system_stm32f30x.o
 .comment       0x0000000000000000       0x71 ./system/src/cmsis/vectors_stm32f30x.o
 .comment       0x0000000000000000       0x71 ./src/FreeRTOS/heap_2.o
 .comment       0x0000000000000000       0x71 ./src/FreeRTOS/list.o
 .comment       0x0000000000000000       0x71 ./src/FreeRTOS/port.o
 .comment       0x0000000000000000       0x71 ./src/FreeRTOS/tasks.o
 .comment       0x0000000000000000       0x71 ./src/main.o
 .comment       0x0000000000000000       0x71 ./src/rn4020.o

.ARM.attributes
                0x0000000000000000       0x33
 .ARM.attributes
                0x0000000000000000       0x33 ./system/src/stm32f3-stdperiph/stm32f30x_gpio.o
 .ARM.attributes
                0x0000000000000033       0x33 ./system/src/stm32f3-stdperiph/stm32f30x_misc.o
 .ARM.attributes
                0x0000000000000066       0x33 ./system/src/stm32f3-stdperiph/stm32f30x_rcc.o
 .ARM.attributes
                0x0000000000000099       0x33 ./system/src/stm32f3-stdperiph/stm32f30x_usart.o
 .ARM.attributes
                0x00000000000000cc       0x33 ./system/src/newlib/_exit.o
 .ARM.attributes
                0x00000000000000ff       0x33 ./system/src/newlib/_startup.o
 .ARM.attributes
                0x0000000000000132       0x33 ./system/src/newlib/_syscalls.o
 .ARM.attributes
                0x0000000000000165       0x33 ./system/src/cortexm/_initialize_hardware.o
 .ARM.attributes
                0x0000000000000198       0x33 ./system/src/cortexm/exception_handlers.o
 .ARM.attributes
                0x00000000000001cb       0x33 ./system/src/cmsis/system_stm32f30x.o
 .ARM.attributes
                0x00000000000001fe       0x33 ./system/src/cmsis/vectors_stm32f30x.o
 .ARM.attributes
                0x0000000000000231       0x33 ./src/FreeRTOS/heap_2.o
 .ARM.attributes
                0x0000000000000264       0x33 ./src/FreeRTOS/list.o
 .ARM.attributes
                0x0000000000000297       0x33 ./src/FreeRTOS/port.o
 .ARM.attributes
                0x00000000000002ca       0x33 ./src/FreeRTOS/tasks.o
 .ARM.attributes
                0x00000000000002fd       0x33 ./src/main.o
 .ARM.attributes
                0x0000000000000330       0x33 ./src/rn4020.o
 .ARM.attributes
                0x0000000000000363       0x2e /Users/peterbruce/gcc-arm-none-eabi-4_9-2015q3/bin/../lib/gcc/arm-none-eabi/4.9.3/../../../../arm-none-eabi/lib/armv7e-m/libg_nano.a(lib_a-memset.o)
 .ARM.attributes
                0x0000000000000391       0x2e /Users/peterbruce/gcc-arm-none-eabi-4_9-2015q3/bin/../lib/gcc/arm-none-eabi/4.9.3/../../../../arm-none-eabi/lib/armv7e-m/libg_nano.a(lib_a-strncpy.o)
 .ARM.attributes
                0x00000000000003bf       0x2e /Users/peterbruce/gcc-arm-none-eabi-4_9-2015q3/bin/../lib/gcc/arm-none-eabi/4.9.3/../../../../arm-none-eabi/lib/armv7e-m/libg_nano.a(lib_a-strstr.o)

.debug
 *(.debug)

.line
 *(.line)

.debug_srcinfo
 *(.debug_srcinfo)

.debug_sfnames
 *(.debug_sfnames)

.debug_aranges  0x0000000000000000      0x7a0
 *(.debug_aranges)
 .debug_aranges
                0x0000000000000000       0x80 ./system/src/stm32f3-stdperiph/stm32f30x_gpio.o
 .debug_aranges
                0x0000000000000080       0x40 ./system/src/stm32f3-stdperiph/stm32f30x_misc.o
 .debug_aranges
                0x00000000000000c0      0x150 ./system/src/stm32f3-stdperiph/stm32f30x_rcc.o
 .debug_aranges
                0x0000000000000210      0x1a0 ./system/src/stm32f3-stdperiph/stm32f30x_usart.o
 .debug_aranges
                0x00000000000003b0       0x28 ./system/src/newlib/_exit.o
 .debug_aranges
                0x00000000000003d8       0x40 ./system/src/newlib/_startup.o
 .debug_aranges
                0x0000000000000418       0x30 ./system/src/newlib/_syscalls.o
 .debug_aranges
                0x0000000000000448       0x28 ./system/src/cortexm/_initialize_hardware.o
 .debug_aranges
                0x0000000000000470       0x80 ./system/src/cortexm/exception_handlers.o
 .debug_aranges
                0x00000000000004f0       0x30 ./system/src/cmsis/system_stm32f30x.o
 .debug_aranges
                0x0000000000000520       0x20 ./system/src/cmsis/vectors_stm32f30x.o
 .debug_aranges
                0x0000000000000540       0x38 ./src/FreeRTOS/heap_2.o
 .debug_aranges
                0x0000000000000578       0x40 ./src/FreeRTOS/list.o
 .debug_aranges
                0x00000000000005b8       0x70 ./src/FreeRTOS/port.o
 .debug_aranges
                0x0000000000000628      0x118 ./src/FreeRTOS/tasks.o
 .debug_aranges
                0x0000000000000740       0x28 ./src/main.o
 .debug_aranges
                0x0000000000000768       0x38 ./src/rn4020.o

.debug_pubnames
 *(.debug_pubnames)

.debug_info     0x0000000000000000     0x6bd5
 *(.debug_info .gnu.linkonce.wi.*)
 .debug_info    0x0000000000000000      0x72b ./system/src/stm32f3-stdperiph/stm32f30x_gpio.o
 .debug_info    0x000000000000072b      0x52a ./system/src/stm32f3-stdperiph/stm32f30x_misc.o
 .debug_info    0x0000000000000c55      0xac5 ./system/src/stm32f3-stdperiph/stm32f30x_rcc.o
 .debug_info    0x000000000000171a      0xfdb ./system/src/stm32f3-stdperiph/stm32f30x_usart.o
 .debug_info    0x00000000000026f5       0xee ./system/src/newlib/_exit.o
 .debug_info    0x00000000000027e3      0x50f ./system/src/newlib/_startup.o
 .debug_info    0x0000000000002cf2      0x1a9 ./system/src/newlib/_syscalls.o
 .debug_info    0x0000000000002e9b      0x294 ./system/src/cortexm/_initialize_hardware.o
 .debug_info    0x000000000000312f      0x2a2 ./system/src/cortexm/exception_handlers.o
 .debug_info    0x00000000000033d1      0x486 ./system/src/cmsis/system_stm32f30x.o
 .debug_info    0x0000000000003857       0xd1 ./system/src/cmsis/vectors_stm32f30x.o
 .debug_info    0x0000000000003928      0x2f9 ./src/FreeRTOS/heap_2.o
 .debug_info    0x0000000000003c21      0x289 ./src/FreeRTOS/list.o
 .debug_info    0x0000000000003eaa      0x1ea ./src/FreeRTOS/port.o
 .debug_info    0x0000000000004094     0x141f ./src/FreeRTOS/tasks.o
 .debug_info    0x00000000000054b3      0xba2 ./src/main.o
 .debug_info    0x0000000000006055      0xb80 ./src/rn4020.o

.debug_abbrev   0x0000000000000000     0x1964
 *(.debug_abbrev)
 .debug_abbrev  0x0000000000000000      0x1e8 ./system/src/stm32f3-stdperiph/stm32f30x_gpio.o
 .debug_abbrev  0x00000000000001e8      0x159 ./system/src/stm32f3-stdperiph/stm32f30x_misc.o
 .debug_abbrev  0x0000000000000341      0x20e ./system/src/stm32f3-stdperiph/stm32f30x_rcc.o
 .debug_abbrev  0x000000000000054f      0x1b6 ./system/src/stm32f3-stdperiph/stm32f30x_usart.o
 .debug_abbrev  0x0000000000000705       0xb7 ./system/src/newlib/_exit.o
 .debug_abbrev  0x00000000000007bc      0x211 ./system/src/newlib/_startup.o
 .debug_abbrev  0x00000000000009cd       0xe7 ./system/src/newlib/_syscalls.o
 .debug_abbrev  0x0000000000000ab4       0xea ./system/src/cortexm/_initialize_hardware.o
 .debug_abbrev  0x0000000000000b9e      0x127 ./system/src/cortexm/exception_handlers.o
 .debug_abbrev  0x0000000000000cc5      0x13d ./system/src/cmsis/system_stm32f30x.o
 .debug_abbrev  0x0000000000000e02       0x9d ./system/src/cmsis/vectors_stm32f30x.o
 .debug_abbrev  0x0000000000000e9f      0x1af ./src/FreeRTOS/heap_2.o
 .debug_abbrev  0x000000000000104e       0xce ./src/FreeRTOS/list.o
 .debug_abbrev  0x000000000000111c      0x12e ./src/FreeRTOS/port.o
 .debug_abbrev  0x000000000000124a      0x277 ./src/FreeRTOS/tasks.o
 .debug_abbrev  0x00000000000014c1      0x2b3 ./src/main.o
 .debug_abbrev  0x0000000000001774      0x1f0 ./src/rn4020.o

.debug_line     0x0000000000000000     0x489d
 *(.debug_line)
 .debug_line    0x0000000000000000      0x45e ./system/src/stm32f3-stdperiph/stm32f30x_gpio.o
 .debug_line    0x000000000000045e      0x3a5 ./system/src/stm32f3-stdperiph/stm32f30x_misc.o
 .debug_line    0x0000000000000803      0x6ba ./system/src/stm32f3-stdperiph/stm32f30x_rcc.o
 .debug_line    0x0000000000000ebd      0x720 ./system/src/stm32f3-stdperiph/stm32f30x_usart.o
 .debug_line    0x00000000000015dd      0x2a1 ./system/src/newlib/_exit.o
 .debug_line    0x000000000000187e      0x324 ./system/src/newlib/_startup.o
 .debug_line    0x0000000000001ba2      0x378 ./system/src/newlib/_syscalls.o
 .debug_line    0x0000000000001f1a      0x369 ./system/src/cortexm/_initialize_hardware.o
 .debug_line    0x0000000000002283      0x5dc ./system/src/cortexm/exception_handlers.o
 .debug_line    0x000000000000285f      0x3a9 ./system/src/cmsis/system_stm32f30x.o
 .debug_line    0x0000000000002c08       0xfa ./system/src/cmsis/vectors_stm32f30x.o
 .debug_line    0x0000000000002d02      0x367 ./src/FreeRTOS/heap_2.o
 .debug_line    0x0000000000003069      0x349 ./src/FreeRTOS/list.o
 .debug_line    0x00000000000033b2      0x219 ./src/FreeRTOS/port.o
 .debug_line    0x00000000000035cb      0x82d ./src/FreeRTOS/tasks.o
 .debug_line    0x0000000000003df8      0x61a ./src/main.o
 .debug_line    0x0000000000004412      0x48b ./src/rn4020.o

.debug_frame    0x0000000000000000     0x1040
 *(.debug_frame)
 .debug_frame   0x0000000000000000      0x104 ./system/src/stm32f3-stdperiph/stm32f30x_gpio.o
 .debug_frame   0x0000000000000104       0x74 ./system/src/stm32f3-stdperiph/stm32f30x_misc.o
 .debug_frame   0x0000000000000178      0x29c ./system/src/stm32f3-stdperiph/stm32f30x_rcc.o
 .debug_frame   0x0000000000000414      0x35c ./system/src/stm32f3-stdperiph/stm32f30x_usart.o
 .debug_frame   0x0000000000000770       0x38 ./system/src/newlib/_exit.o
 .debug_frame   0x00000000000007a8       0x7c ./system/src/newlib/_startup.o
 .debug_frame   0x0000000000000824       0x50 ./system/src/newlib/_syscalls.o
 .debug_frame   0x0000000000000874       0x40 ./system/src/cortexm/_initialize_hardware.o
 .debug_frame   0x00000000000008b4       0xe8 ./system/src/cortexm/exception_handlers.o
 .debug_frame   0x000000000000099c       0x50 ./system/src/cmsis/system_stm32f30x.o
 .debug_frame   0x00000000000009ec       0x20 ./system/src/cmsis/vectors_stm32f30x.o
 .debug_frame   0x0000000000000a0c       0x70 ./src/FreeRTOS/heap_2.o
 .debug_frame   0x0000000000000a7c       0x6c ./src/FreeRTOS/list.o
 .debug_frame   0x0000000000000ae8       0xd0 ./src/FreeRTOS/port.o
 .debug_frame   0x0000000000000bb8      0x350 ./src/FreeRTOS/tasks.o
 .debug_frame   0x0000000000000f08       0x44 ./src/main.o
 .debug_frame   0x0000000000000f4c       0x80 ./src/rn4020.o
 .debug_frame   0x0000000000000fcc       0x20 /Users/peterbruce/gcc-arm-none-eabi-4_9-2015q3/bin/../lib/gcc/arm-none-eabi/4.9.3/../../../../arm-none-eabi/lib/armv7e-m/libg_nano.a(lib_a-memset.o)
 .debug_frame   0x0000000000000fec       0x28 /Users/peterbruce/gcc-arm-none-eabi-4_9-2015q3/bin/../lib/gcc/arm-none-eabi/4.9.3/../../../../arm-none-eabi/lib/armv7e-m/libg_nano.a(lib_a-strncpy.o)
 .debug_frame   0x0000000000001014       0x2c /Users/peterbruce/gcc-arm-none-eabi-4_9-2015q3/bin/../lib/gcc/arm-none-eabi/4.9.3/../../../../arm-none-eabi/lib/armv7e-m/libg_nano.a(lib_a-strstr.o)

.debug_str      0x0000000000000000    0x5e141
 *(.debug_str)
 .debug_str     0x0000000000000000    0x53534 ./system/src/stm32f3-stdperiph/stm32f30x_gpio.o
                                      0x536e1 (size before relaxing)
 .debug_str     0x0000000000053534      0x259 ./system/src/stm32f3-stdperiph/stm32f30x_misc.o
                                      0x5361f (size before relaxing)
 .debug_str     0x000000000005378d      0xa5f ./system/src/stm32f3-stdperiph/stm32f30x_rcc.o
                                      0x53e6f (size before relaxing)
 .debug_str     0x00000000000541ec      0x804 ./system/src/stm32f3-stdperiph/stm32f30x_usart.o
                                      0x53d83 (size before relaxing)
 .debug_str     0x00000000000549f0     0x398b ./system/src/newlib/_exit.o
                                       0x5fdd (size before relaxing)
 .debug_str     0x000000000005837b      0x2e9 ./system/src/newlib/_startup.o
                                       0x503e (size before relaxing)
 .debug_str     0x0000000000058664     0x1620 ./system/src/newlib/_syscalls.o
                                       0x65e1 (size before relaxing)
 .debug_str     0x0000000000059c84       0x77 ./system/src/cortexm/_initialize_hardware.o
                                      0x5348b (size before relaxing)
 .debug_str     0x0000000000059cfb      0x1a3 ./system/src/cortexm/exception_handlers.o
                                      0x56ecb (size before relaxing)
 .debug_str     0x0000000000059e9e       0x7b ./system/src/cmsis/system_stm32f30x.o
                                      0x5352c (size before relaxing)
 .debug_str     0x0000000000059f19       0x57 ./system/src/cmsis/vectors_stm32f30x.o
                                       0x303c (size before relaxing)
 .debug_str     0x0000000000059f70     0x1d2c ./src/FreeRTOS/heap_2.o
                                       0x693c (size before relaxing)
 .debug_str     0x000000000005bc9c      0x137 ./src/FreeRTOS/list.o
                                       0x625c (size before relaxing)
 .debug_str     0x000000000005bdd3      0x365 ./src/FreeRTOS/port.o
                                       0x441f (size before relaxing)
 .debug_str     0x000000000005c138     0x1285 ./src/FreeRTOS/tasks.o
                                       0x7d52 (size before relaxing)
 .debug_str     0x000000000005d3bd      0xb33 ./src/main.o
                                      0x58d67 (size before relaxing)
 .debug_str     0x000000000005def0      0x251 ./src/rn4020.o
                                      0x55ffc (size before relaxing)

.debug_loc      0x0000000000000000     0x28a3
 *(.debug_loc)
 .debug_loc     0x0000000000000000      0x2d1 ./system/src/stm32f3-stdperiph/stm32f30x_gpio.o
 .debug_loc     0x00000000000002d1      0x190 ./system/src/stm32f3-stdperiph/stm32f30x_misc.o
 .debug_loc     0x0000000000000461      0x94d ./system/src/stm32f3-stdperiph/stm32f30x_rcc.o
 .debug_loc     0x0000000000000dae      0x8ea ./system/src/stm32f3-stdperiph/stm32f30x_usart.o
 .debug_loc     0x0000000000001698      0x36e ./system/src/newlib/_startup.o
 .debug_loc     0x0000000000001a06       0x63 ./system/src/newlib/_syscalls.o
 .debug_loc     0x0000000000001a69      0x104 ./system/src/cmsis/system_stm32f30x.o
 .debug_loc     0x0000000000001b6d      0x1d8 ./src/FreeRTOS/heap_2.o
 .debug_loc     0x0000000000001d45       0x44 ./src/FreeRTOS/list.o
 .debug_loc     0x0000000000001d89       0x5f ./src/FreeRTOS/port.o
 .debug_loc     0x0000000000001de8      0xa1e ./src/FreeRTOS/tasks.o
 .debug_loc     0x0000000000002806       0x13 ./src/main.o
 .debug_loc     0x0000000000002819       0x8a ./src/rn4020.o

.debug_macinfo
 *(.debug_macinfo)

.debug_weaknames
 *(.debug_weaknames)

.debug_funcnames
 *(.debug_funcnames)

.debug_typenames
 *(.debug_typenames)

.debug_varnames
 *(.debug_varnames)
OUTPUT(HZCBD92X.elf elf32-littlearm)

.debug_ranges   0x0000000000000000      0x6c0
 .debug_ranges  0x0000000000000000       0x70 ./system/src/stm32f3-stdperiph/stm32f30x_gpio.o
 .debug_ranges  0x0000000000000070       0x30 ./system/src/stm32f3-stdperiph/stm32f30x_misc.o
 .debug_ranges  0x00000000000000a0      0x140 ./system/src/stm32f3-stdperiph/stm32f30x_rcc.o
 .debug_ranges  0x00000000000001e0      0x190 ./system/src/stm32f3-stdperiph/stm32f30x_usart.o
 .debug_ranges  0x0000000000000370       0x18 ./system/src/newlib/_exit.o
 .debug_ranges  0x0000000000000388       0x30 ./system/src/newlib/_startup.o
 .debug_ranges  0x00000000000003b8       0x20 ./system/src/newlib/_syscalls.o
 .debug_ranges  0x00000000000003d8       0x18 ./system/src/cortexm/_initialize_hardware.o
 .debug_ranges  0x00000000000003f0       0x70 ./system/src/cortexm/exception_handlers.o
 .debug_ranges  0x0000000000000460       0x20 ./system/src/cmsis/system_stm32f30x.o
 .debug_ranges  0x0000000000000480       0x10 ./system/src/cmsis/vectors_stm32f30x.o
 .debug_ranges  0x0000000000000490       0x28 ./src/FreeRTOS/heap_2.o
 .debug_ranges  0x00000000000004b8       0x30 ./src/FreeRTOS/list.o
 .debug_ranges  0x00000000000004e8       0x60 ./src/FreeRTOS/port.o
 .debug_ranges  0x0000000000000548      0x138 ./src/FreeRTOS/tasks.o
 .debug_ranges  0x0000000000000680       0x18 ./src/main.o
 .debug_ranges  0x0000000000000698       0x28 ./src/rn4020.o

.debug_macro    0x0000000000000000    0x10993
 .debug_macro   0x0000000000000000      0x16c ./system/src/stm32f3-stdperiph/stm32f30x_gpio.o
 .debug_macro   0x000000000000016c      0x886 ./system/src/stm32f3-stdperiph/stm32f30x_gpio.o
 .debug_macro   0x00000000000009f2       0x6e ./system/src/stm32f3-stdperiph/stm32f30x_gpio.o
 .debug_macro   0x0000000000000a60      0x34e ./system/src/stm32f3-stdperiph/stm32f30x_gpio.o
 .debug_macro   0x0000000000000dae       0x35 ./system/src/stm32f3-stdperiph/stm32f30x_gpio.o
 .debug_macro   0x0000000000000de3       0x50 ./system/src/stm32f3-stdperiph/stm32f30x_gpio.o
 .debug_macro   0x0000000000000e33      0xe66 ./system/src/stm32f3-stdperiph/stm32f30x_gpio.o
 .debug_macro   0x0000000000001c99     0x769b ./system/src/stm32f3-stdperiph/stm32f30x_gpio.o
 .debug_macro   0x0000000000009334      0x5a6 ./system/src/stm32f3-stdperiph/stm32f30x_gpio.o
 .debug_macro   0x00000000000098da      0x3cf ./system/src/stm32f3-stdperiph/stm32f30x_gpio.o
 .debug_macro   0x0000000000009ca9       0x46 ./system/src/stm32f3-stdperiph/stm32f30x_gpio.o
 .debug_macro   0x0000000000009cef      0x231 ./system/src/stm32f3-stdperiph/stm32f30x_gpio.o
 .debug_macro   0x0000000000009f20      0x196 ./system/src/stm32f3-stdperiph/stm32f30x_gpio.o
 .debug_macro   0x000000000000a0b6       0x8e ./system/src/stm32f3-stdperiph/stm32f30x_gpio.o
 .debug_macro   0x000000000000a144      0x3a9 ./system/src/stm32f3-stdperiph/stm32f30x_gpio.o
 .debug_macro   0x000000000000a4ed      0x116 ./system/src/stm32f3-stdperiph/stm32f30x_gpio.o
 .debug_macro   0x000000000000a603      0x1e4 ./system/src/stm32f3-stdperiph/stm32f30x_gpio.o
 .debug_macro   0x000000000000a7e7      0x1df ./system/src/stm32f3-stdperiph/stm32f30x_gpio.o
 .debug_macro   0x000000000000a9c6      0x29a ./system/src/stm32f3-stdperiph/stm32f30x_gpio.o
 .debug_macro   0x000000000000ac60       0x70 ./system/src/stm32f3-stdperiph/stm32f30x_gpio.o
 .debug_macro   0x000000000000acd0      0x10c ./system/src/stm32f3-stdperiph/stm32f30x_gpio.o
 .debug_macro   0x000000000000addc       0xb8 ./system/src/stm32f3-stdperiph/stm32f30x_gpio.o
 .debug_macro   0x000000000000ae94      0x5c6 ./system/src/stm32f3-stdperiph/stm32f30x_gpio.o
 .debug_macro   0x000000000000b45a      0x551 ./system/src/stm32f3-stdperiph/stm32f30x_gpio.o
 .debug_macro   0x000000000000b9ab      0x3ac ./system/src/stm32f3-stdperiph/stm32f30x_gpio.o
 .debug_macro   0x000000000000bd57      0x8d8 ./system/src/stm32f3-stdperiph/stm32f30x_gpio.o
 .debug_macro   0x000000000000c62f      0x364 ./system/src/stm32f3-stdperiph/stm32f30x_gpio.o
 .debug_macro   0x000000000000c993       0x34 ./system/src/stm32f3-stdperiph/stm32f30x_gpio.o
 .debug_macro   0x000000000000c9c7       0x89 ./system/src/stm32f3-stdperiph/stm32f30x_gpio.o
 .debug_macro   0x000000000000ca50       0x35 ./system/src/stm32f3-stdperiph/stm32f30x_gpio.o
 .debug_macro   0x000000000000ca85      0x1b0 ./system/src/stm32f3-stdperiph/stm32f30x_gpio.o
 .debug_macro   0x000000000000cc35      0x172 ./system/src/stm32f3-stdperiph/stm32f30x_misc.o
 .debug_macro   0x000000000000cda7      0x1b6 ./system/src/stm32f3-stdperiph/stm32f30x_misc.o
 .debug_macro   0x000000000000cf5d       0x83 ./system/src/stm32f3-stdperiph/stm32f30x_misc.o
 .debug_macro   0x000000000000cfe0      0x209 ./system/src/stm32f3-stdperiph/stm32f30x_rcc.o
 .debug_macro   0x000000000000d1e9      0x5c0 ./system/src/stm32f3-stdperiph/stm32f30x_rcc.o
 .debug_macro   0x000000000000d7a9      0x184 ./system/src/stm32f3-stdperiph/stm32f30x_usart.o
 .debug_macro   0x000000000000d92d      0x35e ./system/src/stm32f3-stdperiph/stm32f30x_usart.o
 .debug_macro   0x000000000000dc8b      0x131 ./system/src/newlib/_exit.o
 .debug_macro   0x000000000000ddbc       0x9c ./system/src/newlib/_exit.o
 .debug_macro   0x000000000000de58      0x10e ./system/src/newlib/_exit.o
 .debug_macro   0x000000000000df66       0x86 ./system/src/newlib/_exit.o
 .debug_macro   0x000000000000dfec       0x43 ./system/src/newlib/_exit.o
 .debug_macro   0x000000000000e02f      0x27a ./system/src/newlib/_exit.o
 .debug_macro   0x000000000000e2a9       0x35 ./system/src/newlib/_exit.o
 .debug_macro   0x000000000000e2de       0xf7 ./system/src/newlib/_startup.o
 .debug_macro   0x000000000000e3d5      0x892 ./system/src/newlib/_startup.o
 .debug_macro   0x000000000000ec67      0x1ad ./system/src/newlib/_syscalls.o
 .debug_macro   0x000000000000ee14       0x1c ./system/src/newlib/_syscalls.o
 .debug_macro   0x000000000000ee30       0x10 ./system/src/newlib/_syscalls.o
 .debug_macro   0x000000000000ee40       0x10 ./system/src/newlib/_syscalls.o
 .debug_macro   0x000000000000ee50       0x10 ./system/src/newlib/_syscalls.o
 .debug_macro   0x000000000000ee60       0x10 ./system/src/newlib/_syscalls.o
 .debug_macro   0x000000000000ee70       0x35 ./system/src/newlib/_syscalls.o
 .debug_macro   0x000000000000eea5      0x122 ./system/src/newlib/_syscalls.o
 .debug_macro   0x000000000000efc7       0x2e ./system/src/newlib/_syscalls.o
 .debug_macro   0x000000000000eff5       0x82 ./system/src/newlib/_syscalls.o
 .debug_macro   0x000000000000f077       0x2b ./system/src/newlib/_syscalls.o
 .debug_macro   0x000000000000f0a2      0x118 ./system/src/newlib/_syscalls.o
 .debug_macro   0x000000000000f1ba      0x159 ./system/src/newlib/_syscalls.o
 .debug_macro   0x000000000000f313       0x16 ./system/src/newlib/_syscalls.o
 .debug_macro   0x000000000000f329      0x16c ./system/src/cortexm/_initialize_hardware.o
 .debug_macro   0x000000000000f495      0x295 ./system/src/cortexm/exception_handlers.o
 .debug_macro   0x000000000000f72a       0x3b ./system/src/cortexm/exception_handlers.o
 .debug_macro   0x000000000000f765       0x22 ./system/src/cortexm/exception_handlers.o
 .debug_macro   0x000000000000f787       0x10 ./system/src/cortexm/exception_handlers.o
 .debug_macro   0x000000000000f797       0xc8 ./system/src/cortexm/exception_handlers.o
 .debug_macro   0x000000000000f85f       0x19 ./system/src/cortexm/exception_handlers.o
 .debug_macro   0x000000000000f878       0xbe ./system/src/cortexm/exception_handlers.o
 .debug_macro   0x000000000000f936       0x10 ./system/src/cortexm/exception_handlers.o
 .debug_macro   0x000000000000f946      0x168 ./system/src/cmsis/system_stm32f30x.o
 .debug_macro   0x000000000000faae       0x34 ./system/src/cmsis/vectors_stm32f30x.o
 .debug_macro   0x000000000000fae2      0x161 ./src/FreeRTOS/heap_2.o
 .debug_macro   0x000000000000fc43      0x133 ./src/FreeRTOS/list.o
 .debug_macro   0x000000000000fd76       0xb8 ./src/FreeRTOS/port.o
 .debug_macro   0x000000000000fe2e      0x212 ./src/FreeRTOS/tasks.o
 .debug_macro   0x0000000000010040       0x16 ./src/FreeRTOS/tasks.o
 .debug_macro   0x0000000000010056       0x97 ./src/FreeRTOS/tasks.o
 .debug_macro   0x00000000000100ed       0xf6 ./src/FreeRTOS/tasks.o
 .debug_macro   0x00000000000101e3       0x10 ./src/FreeRTOS/tasks.o
 .debug_macro   0x00000000000101f3       0x16 ./src/FreeRTOS/tasks.o
 .debug_macro   0x0000000000010209      0x197 ./src/FreeRTOS/tasks.o
 .debug_macro   0x00000000000103a0       0x16 ./src/FreeRTOS/tasks.o
 .debug_macro   0x00000000000103b6      0x326 ./src/main.o
 .debug_macro   0x00000000000106dc       0x6a ./src/main.o
 .debug_macro   0x0000000000010746      0x1e9 ./src/rn4020.o
 .debug_macro   0x000000000001092f       0x64 ./src/rn4020.o
